{"component":{"id":"AWVSaaFldXJe8YMC0dy3","key":"MethodWithParameterTest","name":"MethodWithParameterTest","qualifier":"TRK","measures":[{"metric":"SM_CSHARP_LOGICAL_LEVEL1","value":"{\"levelTypes\":[\"Namespace\"],\"level\":[{\"name\":\"global namespace\",\"metrics\":{\"NCL\":0,\"NEN\":0,\"NIN\":0,\"NPKG\":1,\"NST\":0,\"TAD\":0.0,\"TNCL\":1,\"TNDI\":11,\"TNEN\":0,\"TNFI\":1,\"TNIN\":0,\"TNPCL\":0,\"TNPEN\":0,\"TNPIN\":0,\"TNPKG\":1,\"TNPST\":0,\"TNST\":0,\"TPDA\":0,\"TPUA\":0,\"AD\":0.0,\"NA\":0,\"NG\":0,\"NM\":0,\"NPA\":0,\"NPM\":0,\"NS\":0,\"PDA\":0,\"PUA\":0,\"TNA\":0,\"TNG\":0,\"TNM\":1,\"TNPA\":0,\"TNPM\":0,\"TNS\":0,\"CC\":0.0,\"CCL\":0,\"CCO\":0,\"CD\":0.0,\"CI\":0,\"CLC\":0.0,\"CLLC\":0.0,\"CLOC\":0,\"LDC\":0.0,\"LLDC\":0.0,\"LLOC\":9,\"LOC\":9,\"TCD\":0.0,\"TCLOC\":0,\"TLLOC\":9,\"TLOC\":9,\"TNOS\":0}},{\"name\":\"Test\",\"metrics\":{\"NCL\":1,\"NEN\":0,\"NIN\":0,\"NPKG\":0,\"NST\":0,\"TAD\":0.0,\"TNCL\":1,\"TNDI\":11,\"TNEN\":0,\"TNFI\":1,\"TNIN\":0,\"TNPCL\":0,\"TNPEN\":0,\"TNPIN\":0,\"TNPKG\":0,\"TNPST\":0,\"TNST\":0,\"TPDA\":0,\"TPUA\":0,\"AD\":0.0,\"NA\":0,\"NG\":0,\"NM\":1,\"NPA\":0,\"NPM\":0,\"NS\":0,\"PDA\":0,\"PUA\":0,\"TNA\":0,\"TNG\":0,\"TNM\":1,\"TNPA\":0,\"TNPM\":0,\"TNS\":0,\"CC\":0.0,\"CCL\":0,\"CCO\":0,\"CD\":0.0,\"CI\":0,\"CLC\":0.0,\"CLLC\":0.0,\"CLOC\":0,\"LDC\":0.0,\"LLDC\":0.0,\"LLOC\":9,\"LOC\":9,\"TCD\":0.0,\"TCLOC\":0,\"TLLOC\":9,\"TLOC\":9,\"TNOS\":0}}]}"}]}}