{"component":{"id":"AWYcmMbYNBfRLYd8j0hc","key":"McCCfunctionallstatementwindows","name":"McCCfunctionallstatementwindows","qualifier":"TRK","measures":[{"metric":"SM_CPP_LOGICAL_LEVEL2","value":"{\"levelTypes\":[\"Class\",\"Enum\",\"Interface\",\"Structure\",\"Union\"],\"level\":[]}"}]}}