{"component":{"id":"AWVZnU3mO7ZKf8ZCASaj","key":"Python27Set","name":"Python27Set","qualifier":"TRK","measures":[{"metric":"SM_PYTHON_LOGICAL_LEVEL2","value":"{\"levelTypes\":[\"Class\"],\"level\":[]}"}]}}