{"component":{"id":"AWUqNYHGXz0j1RnIAcQ9","key":"NIIautoboxing","name":"NIIautoboxing","qualifier":"TRK","measures":[{"metric":"SM_JAVA_LOGICAL_LEVEL2","value":"{\"levelTypes\":[\"Class\",\"Enum\",\"Interface\",\"Structure\"],\"level\":[{\"name\":\"MainClass\",\"positions\":[{\"path\":\"MainClass.java\",\"line\":1}],\"metrics\":{\"NLG\":0,\"NLPA\":0,\"NLPM\":1,\"NLS\":0,\"TNLG\":0,\"TNLPA\":0,\"TNLPM\":1,\"TNLS\":0,\"CBO\":0,\"CBOI\":0,\"DIT\":0,\"DLOC\":0,\"LCOM5\":1,\"NII\":0,\"NL\":0,\"NLA\":0,\"NLE\":0,\"NLM\":2,\"NOA\":0,\"NOC\":0,\"NOD\":0,\"NOI\":0,\"NOP\":0,\"NOS\":3,\"RFC\":2,\"TNLA\":0,\"TNLM\":2,\"WMC\":2,\"AD\":0.0,\"NA\":0,\"NG\":0,\"NM\":2,\"NPA\":0,\"NPM\":1,\"NS\":0,\"PDA\":0,\"PUA\":2,\"TNA\":0,\"TNG\":0,\"TNM\":2,\"TNPA\":0,\"TNPM\":1,\"TNS\":0,\"CC\":0.0,\"CCL\":0,\"CCO\":0,\"CD\":0.1,\"CI\":0,\"CLC\":0.0,\"CLLC\":0.0,\"CLOC\":1,\"LDC\":0.0,\"LLDC\":0.0,\"LLOC\":9,\"LOC\":11,\"TCD\":0.1,\"TCLOC\":1,\"TLLOC\":9,\"TLOC\":11,\"TNOS\":3}}]}"}]}}