{"component":{"id":"AWUqNYHGXz0j1RnIAcQ9","key":"NIIautoboxing","name":"NIIautoboxing","qualifier":"TRK","measures":[{"metric":"SM_JAVA_LOGICAL_LEVEL3","value":"{\"levelTypes\":[\"Method\"],\"level\":[{\"name\":\"int m(Integer v)\",\"positions\":[{\"path\":\"MainClass.java\",\"line\":2}],\"metrics\":{\"DLOC\":0,\"HCPL\":13.60964,\"HDIF\":3.75,\"HEFF\":84.22065,\"HNDB\":19.213762,\"HPL\":8,\"HPV\":7,\"HTRP\":4.678925,\"HVOL\":22.45884,\"McCC\":1,\"MI\":136.79172,\"MIMS\":79.99516,\"MISEI\":156.7211,\"MISM\":91.649765,\"NII\":1,\"NL\":0,\"NLE\":0,\"NOI\":0,\"NOS\":1,\"NUMPAR\":1,\"CC\":0.0,\"CCL\":0,\"CCO\":0,\"CD\":0.25,\"CI\":0,\"CLC\":0.0,\"CLLC\":0.0,\"CLOC\":1,\"LDC\":0.0,\"LLDC\":0.0,\"LLOC\":3,\"LOC\":3,\"TCD\":0.25,\"TCLOC\":1,\"TLLOC\":3,\"TLOC\":3,\"TNOS\":1}},{\"name\":\"void main(String[] args)\",\"positions\":[{\"path\":\"MainClass.java\",\"line\":6}],\"metrics\":{\"DLOC\":0,\"HCPL\":59.715355,\"HDIF\":7.8,\"HEFF\":715.5592,\"HNDB\":80.00131,\"HPL\":22,\"HPV\":18,\"HTRP\":39.75329,\"HVOL\":91.73836,\"McCC\":1,\"MI\":124.81354,\"MIMS\":72.99037,\"MISEI\":104.46884,\"MISM\":61.09289,\"NII\":0,\"NL\":0,\"NLE\":0,\"NOI\":1,\"NOS\":2,\"NUMPAR\":1,\"CC\":0.0,\"CCL\":0,\"CCO\":0,\"CD\":0.0,\"CI\":0,\"CLC\":0.0,\"CLLC\":0.0,\"CLOC\":0,\"LDC\":0.0,\"LLDC\":0.0,\"LLOC\":4,\"LOC\":5,\"TCD\":0.0,\"TCLOC\":0,\"TLLOC\":4,\"TLOC\":5,\"TNOS\":2}}]}"}]}}