{"component":{"id":"AWVZnqEDO7ZKf8ZCASa4","key":"Singleton","name":"Singleton","qualifier":"TRK","measures":[{"metric":"SM_PYTHON_CLONE_TREE","value":"{\"cloneClasses\":[]}"}]}}