{"component":{"id":"AWVZfzXTO7ZKf8ZCASTA","key":"Observer","name":"Observer","qualifier":"TRK","measures":[{"metric":"SM_PYTHON_CLONE_TREE","value":"{\"cloneClasses\":[]}"}]}}