{"component":{"id":"AWUqMH9sXz0j1RnIAcQF","key":"McCCallstatement","name":"McCCallstatement","qualifier":"TRK","measures":[{"metric":"SM_JAVA_LOGICAL_LEVEL2","value":"{\"levelTypes\":[\"Class\",\"Enum\",\"Interface\",\"Structure\"],\"level\":[{\"name\":\"McCC_allstatement\",\"positions\":[{\"path\":\"McCC_allstatement.java\",\"line\":3}],\"metrics\":{\"NLG\":0,\"NLPA\":0,\"NLPM\":1,\"NLS\":0,\"TNLG\":0,\"TNLPA\":0,\"TNLPM\":1,\"TNLS\":0,\"CBO\":0,\"CBOI\":0,\"DIT\":0,\"DLOC\":10,\"LCOM5\":11,\"NII\":0,\"NL\":2,\"NLA\":0,\"NLE\":1,\"NLM\":11,\"NOA\":0,\"NOC\":0,\"NOD\":0,\"NOI\":0,\"NOP\":0,\"NOS\":18,\"RFC\":11,\"TNLA\":0,\"TNLM\":11,\"WMC\":22,\"AD\":0.0,\"NA\":0,\"NG\":0,\"NM\":11,\"NPA\":0,\"NPM\":1,\"NS\":0,\"PDA\":0,\"PUA\":2,\"TNA\":0,\"TNG\":0,\"TNM\":11,\"TNPA\":0,\"TNPM\":1,\"TNS\":0,\"CC\":0.0,\"CCL\":0,\"CCO\":0,\"CD\":0.17857143,\"CI\":0,\"CLC\":0.0,\"CLLC\":0.0,\"CLOC\":10,\"LDC\":0.0,\"LLDC\":0.0,\"LLOC\":46,\"LOC\":67,\"TCD\":0.17857143,\"TCLOC\":10,\"TLLOC\":46,\"TLOC\":67,\"TNOS\":18}}]}"}]}}