{"component":{"id":"AWVSZiN1dXJe8YMC0dyG","key":"IndexerSetterCall","name":"IndexerSetterCall","qualifier":"TRK","measures":[{"metric":"SM_CSHARP_CLONE_TREE","value":"{\"cloneClasses\":[]}"}]}}