{"component":{"id":"AWUqPkHyXz0j1RnIAcSY","key":"NOAinterfaces","name":"NOAinterfaces","qualifier":"TRK","measures":[{"metric":"SM_JAVA_LOGICAL_LEVEL1","value":"{\"levelTypes\":[\"Package\"],\"level\":[{\"name\":\"\\u003croot_package\\u003e\",\"metrics\":{\"NCL\":0,\"NEN\":0,\"NIN\":0,\"NPKG\":1,\"TAD\":0.0,\"TNCL\":2,\"TNDI\":12,\"TNEN\":0,\"TNFI\":4,\"TNIN\":2,\"TNPCL\":2,\"TNPEN\":0,\"TNPIN\":2,\"TNPKG\":1,\"TPDA\":0,\"TPUA\":12,\"AD\":0.0,\"NA\":0,\"NG\":0,\"NM\":0,\"NPA\":0,\"NPM\":0,\"NS\":0,\"PDA\":0,\"PUA\":0,\"TNA\":4,\"TNG\":6,\"TNM\":8,\"TNPA\":0,\"TNPM\":8,\"TNS\":0,\"CC\":0.0,\"CCL\":0,\"CCO\":0,\"CD\":0.0,\"CI\":0,\"CLC\":0.0,\"CLLC\":0.0,\"CLOC\":0,\"LDC\":0.0,\"LLDC\":0.0,\"LLOC\":0,\"LOC\":0,\"TCD\":0.028571429,\"TCLOC\":1,\"TLLOC\":34,\"TLOC\":45,\"TNOS\":6}},{\"name\":\"regtest\",\"metrics\":{\"NCL\":2,\"NEN\":0,\"NIN\":2,\"NPKG\":0,\"TAD\":0.0,\"TNCL\":2,\"TNDI\":12,\"TNEN\":0,\"TNFI\":4,\"TNIN\":2,\"TNPCL\":2,\"TNPEN\":0,\"TNPIN\":2,\"TNPKG\":0,\"TPDA\":0,\"TPUA\":12,\"AD\":0.0,\"NA\":4,\"NG\":6,\"NM\":8,\"NPA\":0,\"NPM\":8,\"NS\":0,\"PDA\":0,\"PUA\":12,\"TNA\":4,\"TNG\":6,\"TNM\":8,\"TNPA\":0,\"TNPM\":8,\"TNS\":0,\"CC\":0.0,\"CCL\":0,\"CCO\":0,\"CD\":0.028571429,\"CI\":0,\"CLC\":0.0,\"CLLC\":0.0,\"CLOC\":1,\"LDC\":0.0,\"LLDC\":0.0,\"LLOC\":34,\"LOC\":45,\"TCD\":0.028571429,\"TCLOC\":1,\"TLLOC\":34,\"TLOC\":45,\"TNOS\":6}}]}"}]}}