{"component":{"id":"AWVSYBNydXJe8YMC0dwr","key":"ClassPrivateMembersTest","name":"ClassPrivateMembersTest","qualifier":"TRK","measures":[{"metric":"SM_CSHARP_LOGICAL_LEVEL3","value":"{\"levelTypes\":[\"Method\"],\"level\":[]}"}]}}