{"component":{"id":"AWUqPK0PXz0j1RnIAcSK","key":"InheritanceCycle","name":"InheritanceCycle","qualifier":"TRK","measures":[{"metric":"SM_JAVA_CLONE_TREE","value":"{\"cloneClasses\":[]}"}]}}