{"component":{"id":"AWVZnw1-O7ZKf8ZCASa_","key":"State","name":"State","qualifier":"TRK","measures":[{"metric":"SM_PYTHON_LOGICAL_LEVEL3","value":"{\"levelTypes\":[\"Function\",\"Method\"],\"level\":[]}"}]}}