{"component":{"id":"AWVSX0YadXJe8YMC0dwd","key":"ClassGenericTest","name":"ClassGenericTest","qualifier":"TRK","measures":[{"metric":"SM_CSHARP_CLONE_TREE","value":"{\"cloneClasses\":[]}"}]}}