{"component":{"id":"AWVSaou0dXJe8YMC0dzF","key":"NamespaceTest","name":"NamespaceTest","qualifier":"TRK","measures":[{"metric":"SM_CSHARP_LOGICAL_LEVEL3","value":"{\"levelTypes\":[\"Method\"],\"level\":[]}"}]}}