{"component":{"id":"AWUqK7YhXz0j1RnIAcPb","key":"LCOM5AccessesAttribute","name":"LCOM5AccessesAttribute","qualifier":"TRK","measures":[{"metric":"SM_JAVA_CLONE_TREE","value":"{\"cloneClasses\":[]}"}]}}