{"component":{"id":"AWUqTgtAXz0j1RnIAcVA","key":"TCD","name":"TCD","qualifier":"TRK","measures":[{"metric":"SM_JAVA_CLONE_TREE","value":"{\"cloneClasses\":[]}"}]}}