{"component":{"id":"AWVSZpKhdXJe8YMC0dyN","key":"InterfaceTest","name":"InterfaceTest","qualifier":"TRK","measures":[{"metric":"SM_CSHARP_LOGICAL_LEVEL1","value":"{\"levelTypes\":[\"Namespace\"],\"level\":[{\"name\":\"global namespace\",\"metrics\":{\"NCL\":0,\"NEN\":0,\"NIN\":0,\"NPKG\":1,\"NST\":0,\"TAD\":0.0,\"TNCL\":0,\"TNDI\":11,\"TNEN\":0,\"TNFI\":1,\"TNIN\":1,\"TNPCL\":0,\"TNPEN\":0,\"TNPIN\":0,\"TNPKG\":1,\"TNPST\":0,\"TNST\":0,\"TPDA\":0,\"TPUA\":0,\"AD\":0.0,\"NA\":0,\"NG\":0,\"NM\":0,\"NPA\":0,\"NPM\":0,\"NS\":0,\"PDA\":0,\"PUA\":0,\"TNA\":0,\"TNG\":1,\"TNM\":4,\"TNPA\":0,\"TNPM\":4,\"TNS\":1,\"CC\":0.0,\"CCL\":0,\"CCO\":0,\"CD\":0.0,\"CI\":0,\"CLC\":0.0,\"CLLC\":0.0,\"CLOC\":0,\"LDC\":0.0,\"LLDC\":0.0,\"LLOC\":9,\"LOC\":9,\"TCD\":0.0,\"TCLOC\":0,\"TLLOC\":9,\"TLOC\":9,\"TNOS\":0}},{\"name\":\"Test\",\"metrics\":{\"NCL\":0,\"NEN\":0,\"NIN\":1,\"NPKG\":0,\"NST\":0,\"TAD\":0.0,\"TNCL\":0,\"TNDI\":11,\"TNEN\":0,\"TNFI\":1,\"TNIN\":1,\"TNPCL\":0,\"TNPEN\":0,\"TNPIN\":0,\"TNPKG\":0,\"TNPST\":0,\"TNST\":0,\"TPDA\":0,\"TPUA\":0,\"AD\":0.0,\"NA\":0,\"NG\":1,\"NM\":4,\"NPA\":0,\"NPM\":4,\"NS\":1,\"PDA\":0,\"PUA\":0,\"TNA\":0,\"TNG\":1,\"TNM\":4,\"TNPA\":0,\"TNPM\":4,\"TNS\":1,\"CC\":0.0,\"CCL\":0,\"CCO\":0,\"CD\":0.0,\"CI\":0,\"CLC\":0.0,\"CLLC\":0.0,\"CLOC\":0,\"LDC\":0.0,\"LLDC\":0.0,\"LLOC\":9,\"LOC\":9,\"TCD\":0.0,\"TCLOC\":0,\"TLLOC\":9,\"TLOC\":9,\"TNOS\":0}}]}"}]}}