{"component":{"id":"AWVSY0sAdXJe8YMC0dxc","key":"DelegateMethodTest","name":"DelegateMethodTest","qualifier":"TRK","measures":[{"metric":"SM_CSHARP_CLONE_TREE","value":"{\"cloneClasses\":[]}"}]}}