{"component":{"id":"AWVZncSdO7ZKf8ZCASaq","key":"Python27SetComp","name":"Python27SetComp","qualifier":"TRK","measures":[{"metric":"SM_PYTHON_LOGICAL_LEVEL3","value":"{\"levelTypes\":[\"Function\",\"Method\"],\"level\":[]}"}]}}