{"component":{"id":"AWYeva2vNBfRLYd8j0je","key":"Enum","name":"Enum","qualifier":"TRK","measures":[{"metric":"SM_CPP_LOGICAL_LEVEL3","value":"{\"levelTypes\":[\"Function\",\"Method\"],\"level\":[{\"name\":\"enum_test_1\",\"positions\":[{\"path\":\"enum.cpp\",\"line\":13}],\"metrics\":{\"DLOC\":0,\"HCPL\":9.509775,\"HDIF\":1.5,\"HEFF\":23.264662,\"HNDB\":8.149505,\"HPL\":6,\"HPV\":6,\"HTRP\":1.2924812,\"HVOL\":15.509774,\"McCC\":1,\"MI\":0.0,\"MIMS\":0.0,\"MISEI\":0.0,\"MISM\":0.0,\"NII\":0,\"NL\":0,\"NLE\":0,\"NOI\":0,\"NOS\":0,\"NUMPAR\":0,\"CC\":0.0,\"CCL\":0,\"CCO\":0,\"CD\":0.0,\"CI\":0,\"CLC\":0.0,\"CLLC\":0.0,\"CLOC\":0,\"LDC\":0.0,\"LLDC\":0.0,\"LLOC\":3,\"LOC\":3,\"TCD\":0.0,\"TCLOC\":0,\"TLLOC\":3,\"TLOC\":3,\"TNOS\":0}},{\"name\":\"enum_test_2\",\"positions\":[{\"path\":\"enum.cpp\",\"line\":21}],\"metrics\":{\"DLOC\":0,\"HCPL\":27.119415,\"HDIF\":2.9166665,\"HEFF\":141.26012,\"HNDB\":27.123543,\"HPL\":14,\"HPV\":11,\"HTRP\":7.847784,\"HVOL\":48.432045,\"McCC\":1,\"MI\":0.0,\"MIMS\":0.0,\"MISEI\":0.0,\"MISM\":0.0,\"NII\":0,\"NL\":0,\"NLE\":0,\"NOI\":0,\"NOS\":0,\"NUMPAR\":0,\"CC\":0.0,\"CCL\":0,\"CCO\":0,\"CD\":0.0,\"CI\":0,\"CLC\":0.0,\"CLLC\":0.0,\"CLOC\":0,\"LDC\":0.0,\"LLDC\":0.0,\"LLOC\":5,\"LOC\":5,\"TCD\":0.0,\"TCLOC\":0,\"TLLOC\":5,\"TLOC\":5,\"TNOS\":0}},{\"name\":\"enum_switch\",\"positions\":[{\"path\":\"enum.cpp\",\"line\":27}],\"metrics\":{\"DLOC\":0,\"HCPL\":23.509773,\"HDIF\":3.0,\"HEFF\":129.5552,\"HNDB\":25.603733,\"HPL\":13,\"HPV\":10,\"HTRP\":7.1975117,\"HVOL\":43.185066,\"McCC\":3,\"MI\":0.0,\"MIMS\":0.0,\"MISEI\":0.0,\"MISM\":0.0,\"NII\":0,\"NL\":0,\"NLE\":0,\"NOI\":0,\"NOS\":0,\"NUMPAR\":0,\"CC\":0.0,\"CCL\":0,\"CCO\":0,\"CD\":0.0,\"CI\":0,\"CLC\":0.0,\"CLLC\":0.0,\"CLOC\":0,\"LDC\":0.0,\"LLDC\":0.0,\"LLOC\":10,\"LOC\":8,\"TCD\":0.0,\"TCLOC\":0,\"TLLOC\":10,\"TLOC\":8,\"TNOS\":0}},{\"name\":\"enum_test_3\",\"positions\":[{\"path\":\"enum.cpp\",\"line\":36}],\"metrics\":{\"DLOC\":0,\"HCPL\":53.563522,\"HDIF\":3.0,\"HEFF\":257.51016,\"HNDB\":40.47588,\"HPL\":21,\"HPV\":17,\"HTRP\":14.30612,\"HVOL\":85.83672,\"McCC\":1,\"MI\":0.0,\"MIMS\":0.0,\"MISEI\":0.0,\"MISM\":0.0,\"NII\":0,\"NL\":0,\"NLE\":0,\"NOI\":0,\"NOS\":0,\"NUMPAR\":0,\"CC\":0.0,\"CCL\":0,\"CCO\":0,\"CD\":0.0,\"CI\":0,\"CLC\":0.0,\"CLLC\":0.0,\"CLOC\":0,\"LDC\":0.0,\"LLDC\":0.0,\"LLOC\":5,\"LOC\":5,\"TCD\":0.0,\"TCLOC\":0,\"TLLOC\":5,\"TLOC\":5,\"TNOS\":0}},{\"name\":\"enum_test_4\",\"positions\":[{\"path\":\"enum.cpp\",\"line\":42}],\"metrics\":{\"DLOC\":0,\"HCPL\":39.30297,\"HDIF\":3.5,\"HEFF\":199.88614,\"HNDB\":34.186543,\"HPL\":15,\"HPV\":14,\"HTRP\":11.104786,\"HVOL\":57.110325,\"McCC\":1,\"MI\":0.0,\"MIMS\":0.0,\"MISEI\":0.0,\"MISM\":0.0,\"NII\":0,\"NL\":0,\"NLE\":0,\"NOI\":0,\"NOS\":0,\"NUMPAR\":0,\"CC\":0.0,\"CCL\":0,\"CCO\":0,\"CD\":0.0,\"CI\":0,\"CLC\":0.0,\"CLLC\":0.0,\"CLOC\":0,\"LDC\":0.0,\"LLDC\":0.0,\"LLOC\":4,\"LOC\":4,\"TCD\":0.0,\"TCLOC\":0,\"TLLOC\":4,\"TLOC\":4,\"TNOS\":0}},{\"name\":\"enum_test_5\",\"positions\":[{\"path\":\"enum.cpp\",\"line\":47}],\"metrics\":{\"DLOC\":0,\"HCPL\":12.754888,\"HDIF\":1.5,\"HEFF\":29.477228,\"HNDB\":9.542404,\"HPL\":7,\"HPV\":7,\"HTRP\":1.6376238,\"HVOL\":19.651485,\"McCC\":1,\"MI\":0.0,\"MIMS\":0.0,\"MISEI\":0.0,\"MISM\":0.0,\"NII\":0,\"NL\":0,\"NLE\":0,\"NOI\":0,\"NOS\":0,\"NUMPAR\":0,\"CC\":0.0,\"CCL\":0,\"CCO\":0,\"CD\":0.0,\"CI\":0,\"CLC\":0.0,\"CLLC\":0.0,\"CLOC\":0,\"LDC\":0.0,\"LLDC\":0.0,\"LLOC\":3,\"LOC\":3,\"TCD\":0.0,\"TCLOC\":0,\"TLLOC\":3,\"TLOC\":3,\"TNOS\":0}},{\"name\":\"main\",\"positions\":[{\"path\":\"enum.cpp\",\"line\":51}],\"metrics\":{\"DLOC\":0,\"HCPL\":6.7548876,\"HDIF\":1.5,\"HEFF\":17.41446,\"HNDB\":6.718516,\"HPL\":5,\"HPV\":5,\"HTRP\":0.96746993,\"HVOL\":11.60964,\"McCC\":1,\"MI\":0.0,\"MIMS\":0.0,\"MISEI\":0.0,\"MISM\":0.0,\"NII\":0,\"NL\":0,\"NLE\":0,\"NOI\":0,\"NOS\":0,\"NUMPAR\":0,\"CC\":0.0,\"CCL\":0,\"CCO\":0,\"CD\":0.0,\"CI\":0,\"CLC\":0.0,\"CLLC\":0.0,\"CLOC\":0,\"LDC\":0.0,\"LLDC\":0.0,\"LLOC\":3,\"LOC\":3,\"TCD\":0.0,\"TCLOC\":0,\"TLLOC\":3,\"TLOC\":3,\"TNOS\":0}}]}"}]}}