{"component":{"id":"AWVZfXhaO7ZKf8ZCASSk","key":"FactoryMethod","name":"FactoryMethod","qualifier":"TRK","measures":[{"metric":"SM_PYTHON_LOGICAL_LEVEL2","value":"{\"levelTypes\":[\"Class\"],\"level\":[]}"}]}}