{"component":{"id":"AWUqTqpiXz0j1RnIAcVH","key":"TCLOC","name":"TCLOC","qualifier":"TRK","measures":[{"metric":"SM_JAVA_LOGICAL_LEVEL2","value":"{\"levelTypes\":[\"Class\",\"Enum\",\"Interface\",\"Structure\"],\"level\":[{\"name\":\"Simple\",\"positions\":[{\"path\":\"Simple.java\",\"line\":2}],\"metrics\":{\"NLG\":0,\"NLPA\":0,\"NLPM\":0,\"NLS\":0,\"TNLG\":0,\"TNLPA\":0,\"TNLPM\":0,\"TNLS\":0,\"CBO\":0,\"CBOI\":0,\"DIT\":0,\"DLOC\":0,\"LCOM5\":0,\"NII\":0,\"NL\":0,\"NLA\":0,\"NLE\":0,\"NLM\":0,\"NOA\":0,\"NOC\":0,\"NOD\":0,\"NOI\":0,\"NOP\":0,\"NOS\":0,\"RFC\":0,\"TNLA\":0,\"TNLM\":1,\"WMC\":0,\"AD\":0.0,\"NA\":0,\"NG\":0,\"NM\":0,\"NPA\":0,\"NPM\":0,\"NS\":0,\"PDA\":0,\"PUA\":1,\"TNA\":0,\"TNG\":0,\"TNM\":1,\"TNPA\":0,\"TNPM\":0,\"TNS\":0,\"CC\":0.0,\"CCL\":0,\"CCO\":0,\"CD\":0.0,\"CI\":0,\"CLC\":0.0,\"CLLC\":0.0,\"CLOC\":0,\"LDC\":0.0,\"LLDC\":0.0,\"LLOC\":2,\"LOC\":3,\"TCD\":0.33333334,\"TCLOC\":3,\"TLLOC\":6,\"TLOC\":10,\"TNOS\":0}},{\"name\":\"Simple$InnerClass\",\"positions\":[{\"path\":\"Simple.java\",\"line\":4}],\"metrics\":{\"NLG\":0,\"NLPA\":0,\"NLPM\":0,\"NLS\":0,\"TNLG\":0,\"TNLPA\":0,\"TNLPM\":0,\"TNLS\":0,\"CBO\":0,\"CBOI\":0,\"DIT\":0,\"DLOC\":2,\"LCOM5\":1,\"NII\":0,\"NL\":0,\"NLA\":0,\"NLE\":0,\"NLM\":1,\"NOA\":0,\"NOC\":0,\"NOD\":0,\"NOI\":0,\"NOP\":0,\"NOS\":0,\"RFC\":1,\"TNLA\":0,\"TNLM\":1,\"WMC\":1,\"AD\":1.0,\"NA\":0,\"NG\":0,\"NM\":1,\"NPA\":0,\"NPM\":0,\"NS\":0,\"PDA\":1,\"PUA\":0,\"TNA\":0,\"TNG\":0,\"TNM\":1,\"TNPA\":0,\"TNPM\":0,\"TNS\":0,\"CC\":0.0,\"CCL\":0,\"CCO\":0,\"CD\":0.42857143,\"CI\":0,\"CLC\":0.0,\"CLLC\":0.0,\"CLOC\":3,\"LDC\":0.0,\"LLDC\":0.0,\"LLOC\":4,\"LOC\":7,\"TCD\":0.42857143,\"TCLOC\":3,\"TLLOC\":4,\"TLOC\":7,\"TNOS\":0}},{\"name\":\"Simple2\",\"positions\":[{\"path\":\"Simple2.java\",\"line\":3}],\"metrics\":{\"NLG\":0,\"NLPA\":0,\"NLPM\":0,\"NLS\":0,\"TNLG\":0,\"TNLPA\":0,\"TNLPM\":0,\"TNLS\":0,\"CBO\":0,\"CBOI\":0,\"DIT\":0,\"DLOC\":1,\"LCOM5\":0,\"NII\":0,\"NL\":0,\"NLA\":0,\"NLE\":0,\"NLM\":0,\"NOA\":0,\"NOC\":0,\"NOD\":0,\"NOI\":0,\"NOP\":0,\"NOS\":0,\"RFC\":0,\"TNLA\":0,\"TNLM\":0,\"WMC\":0,\"AD\":1.0,\"NA\":0,\"NG\":0,\"NM\":0,\"NPA\":0,\"NPM\":0,\"NS\":0,\"PDA\":1,\"PUA\":0,\"TNA\":0,\"TNG\":0,\"TNM\":0,\"TNPA\":0,\"TNPM\":0,\"TNS\":0,\"CC\":0.0,\"CCL\":0,\"CCO\":0,\"CD\":0.33333334,\"CI\":0,\"CLC\":0.0,\"CLLC\":0.0,\"CLOC\":1,\"LDC\":0.0,\"LLDC\":0.0,\"LLOC\":2,\"LOC\":4,\"TCD\":0.4,\"TCLOC\":2,\"TLLOC\":3,\"TLOC\":5,\"TNOS\":0}},{\"name\":\"Simple2$Valami\",\"positions\":[{\"path\":\"Simple2.java\",\"line\":5}],\"metrics\":{\"NLG\":0,\"NLPA\":0,\"NLPM\":0,\"NLS\":0,\"TNLG\":0,\"TNLPA\":0,\"TNLPM\":0,\"TNLS\":0,\"CBO\":0,\"CBOI\":0,\"DIT\":0,\"DLOC\":1,\"LCOM5\":0,\"NII\":0,\"NL\":0,\"NLA\":0,\"NLE\":0,\"NLM\":0,\"NOA\":0,\"NOC\":0,\"NOD\":0,\"NOI\":0,\"NOP\":0,\"NOS\":0,\"RFC\":0,\"TNLA\":0,\"TNLM\":0,\"WMC\":0,\"AD\":1.0,\"NA\":0,\"NG\":0,\"NM\":0,\"NPA\":0,\"NPM\":0,\"NS\":0,\"PDA\":1,\"PUA\":0,\"TNA\":0,\"TNG\":0,\"TNM\":0,\"TNPA\":0,\"TNPM\":0,\"TNS\":0,\"CC\":0.0,\"CCL\":0,\"CCO\":0,\"CD\":0.5,\"CI\":0,\"CLC\":0.0,\"CLLC\":0.0,\"CLOC\":1,\"LDC\":0.0,\"LLDC\":0.0,\"LLOC\":1,\"LOC\":1,\"TCD\":0.5,\"TCLOC\":1,\"TLLOC\":1,\"TLOC\":1,\"TNOS\":0}},{\"name\":\"Simple3\",\"positions\":[{\"path\":\"Simple3.java\",\"line\":3}],\"metrics\":{\"NLG\":0,\"NLPA\":0,\"NLPM\":1,\"NLS\":0,\"TNLG\":0,\"TNLPA\":0,\"TNLPM\":1,\"TNLS\":0,\"CBO\":0,\"CBOI\":0,\"DIT\":0,\"DLOC\":2,\"LCOM5\":1,\"NII\":0,\"NL\":0,\"NLA\":0,\"NLE\":0,\"NLM\":1,\"NOA\":0,\"NOC\":0,\"NOD\":0,\"NOI\":0,\"NOP\":0,\"NOS\":0,\"RFC\":1,\"TNLA\":0,\"TNLM\":1,\"WMC\":1,\"AD\":1.0,\"NA\":0,\"NG\":0,\"NM\":1,\"NPA\":0,\"NPM\":1,\"NS\":0,\"PDA\":2,\"PUA\":0,\"TNA\":0,\"TNG\":0,\"TNM\":1,\"TNPA\":0,\"TNPM\":1,\"TNS\":0,\"CC\":0.0,\"CCL\":0,\"CCO\":0,\"CD\":0.42857143,\"CI\":0,\"CLC\":0.0,\"CLLC\":0.0,\"CLOC\":3,\"LDC\":0.0,\"LLDC\":0.0,\"LLOC\":4,\"LOC\":8,\"TCD\":0.42857143,\"TCLOC\":3,\"TLLOC\":4,\"TLOC\":8,\"TNOS\":0}},{\"name\":\"Simple4\",\"positions\":[{\"path\":\"Simple4.java\",\"line\":3}],\"metrics\":{\"NLG\":0,\"NLPA\":0,\"NLPM\":2,\"NLS\":0,\"TNLG\":0,\"TNLPA\":0,\"TNLPM\":3,\"TNLS\":0,\"CBO\":1,\"CBOI\":0,\"DIT\":0,\"DLOC\":3,\"LCOM5\":2,\"NII\":0,\"NL\":0,\"NLA\":0,\"NLE\":0,\"NLM\":2,\"NOA\":0,\"NOC\":0,\"NOD\":0,\"NOI\":0,\"NOP\":0,\"NOS\":1,\"RFC\":2,\"TNLA\":1,\"TNLM\":3,\"WMC\":2,\"AD\":1.0,\"NA\":0,\"NG\":0,\"NM\":2,\"NPA\":0,\"NPM\":2,\"NS\":0,\"PDA\":3,\"PUA\":0,\"TNA\":1,\"TNG\":0,\"TNM\":3,\"TNPA\":0,\"TNPM\":3,\"TNS\":0,\"CC\":0.0,\"CCL\":0,\"CCO\":0,\"CD\":0.33333334,\"CI\":0,\"CLC\":0.0,\"CLLC\":0.0,\"CLOC\":4,\"LDC\":0.0,\"LLDC\":0.0,\"LLOC\":8,\"LOC\":13,\"TCD\":0.3181818,\"TCLOC\":7,\"TLLOC\":15,\"TLOC\":25,\"TNOS\":1}},{\"name\":\"Simple4$H\",\"positions\":[{\"path\":\"Simple4.java\",\"line\":8}],\"metrics\":{\"NLG\":0,\"NLPA\":0,\"NLPM\":0,\"NLS\":0,\"TNLG\":0,\"TNLPA\":0,\"TNLPM\":0,\"TNLS\":0,\"CBO\":0,\"CBOI\":0,\"DIT\":0,\"DLOC\":0,\"LCOM5\":0,\"NII\":0,\"NL\":0,\"NLA\":0,\"NLE\":0,\"NLM\":0,\"NOA\":0,\"NOC\":0,\"NOD\":0,\"NOI\":0,\"NOP\":0,\"NOS\":0,\"RFC\":0,\"TNLA\":0,\"TNLM\":0,\"WMC\":0,\"AD\":0.0,\"NA\":0,\"NG\":0,\"NM\":0,\"NPA\":0,\"NPM\":0,\"NS\":0,\"PDA\":0,\"PUA\":1,\"TNA\":0,\"TNG\":0,\"TNM\":0,\"TNPA\":0,\"TNPM\":0,\"TNS\":0,\"CC\":0.0,\"CCL\":0,\"CCO\":0,\"CD\":0.33333334,\"CI\":0,\"CLC\":0.0,\"CLLC\":0.0,\"CLOC\":1,\"LDC\":0.0,\"LLDC\":0.0,\"LLOC\":2,\"LOC\":3,\"TCD\":0.33333334,\"TCLOC\":1,\"TLLOC\":2,\"TLOC\":3,\"TNOS\":0}},{\"name\":\"Simple4$B\",\"positions\":[{\"path\":\"Simple4.java\",\"line\":11}],\"metrics\":{\"NLG\":0,\"NLPA\":0,\"NLPM\":0,\"NLS\":0,\"TNLG\":0,\"TNLPA\":0,\"TNLPM\":0,\"TNLS\":0,\"CBO\":0,\"CBOI\":2,\"DIT\":0,\"DLOC\":0,\"LCOM5\":0,\"NII\":0,\"NL\":0,\"NLA\":0,\"NLE\":0,\"NLM\":0,\"NOA\":0,\"NOC\":1,\"NOD\":1,\"NOI\":0,\"NOP\":0,\"NOS\":0,\"RFC\":0,\"TNLA\":0,\"TNLM\":0,\"WMC\":0,\"AD\":0.0,\"NA\":0,\"NG\":0,\"NM\":0,\"NPA\":0,\"NPM\":0,\"NS\":0,\"PDA\":0,\"PUA\":1,\"TNA\":0,\"TNG\":0,\"TNM\":0,\"TNPA\":0,\"TNPM\":0,\"TNS\":0,\"CC\":0.0,\"CCL\":0,\"CCO\":0,\"CD\":0.0,\"CI\":0,\"CLC\":0.0,\"CLLC\":0.0,\"CLOC\":0,\"LDC\":0.0,\"LLDC\":0.0,\"LLOC\":2,\"LOC\":2,\"TCD\":0.0,\"TCLOC\":0,\"TLLOC\":2,\"TLOC\":2,\"TNOS\":0}},{\"name\":\"Simple4$1\",\"positions\":[{\"path\":\"Simple4.java\",\"line\":16}],\"metrics\":{\"NLG\":0,\"NLPA\":0,\"NLPM\":1,\"NLS\":0,\"TNLG\":0,\"TNLPA\":0,\"TNLPM\":1,\"TNLS\":0,\"CBO\":1,\"CBOI\":0,\"DIT\":1,\"DLOC\":2,\"LCOM5\":1,\"NII\":0,\"NL\":0,\"NLA\":1,\"NLE\":0,\"NLM\":1,\"NOA\":1,\"NOC\":0,\"NOD\":0,\"NOI\":0,\"NOP\":1,\"NOS\":0,\"RFC\":1,\"TNLA\":1,\"TNLM\":1,\"WMC\":1,\"AD\":0.5,\"NA\":1,\"NG\":0,\"NM\":1,\"NPA\":0,\"NPM\":1,\"NS\":0,\"PDA\":1,\"PUA\":1,\"TNA\":1,\"TNG\":0,\"TNM\":1,\"TNPA\":0,\"TNPM\":1,\"TNS\":0,\"CC\":0.0,\"CCL\":0,\"CCO\":0,\"CD\":0.2857143,\"CI\":0,\"CLC\":0.0,\"CLLC\":0.0,\"CLOC\":2,\"LDC\":0.0,\"LLDC\":0.0,\"LLOC\":5,\"LOC\":9,\"TCD\":0.2857143,\"TCLOC\":2,\"TLLOC\":5,\"TLOC\":9,\"TNOS\":0}}]}"}]}}