{"component":{"id":"AWYe2sfcNBfRLYd8j0l-","key":"TNPKsimple","name":"TNPKsimple","qualifier":"TRK","measures":[{"metric":"SM_CPP_CLONE_TREE","value":"{\"cloneClasses\":[]}"}]}}