{"component":{"id":"AWVSaLhYdXJe8YMC0dyp","key":"MethodGenericInstance","name":"MethodGenericInstance","qualifier":"TRK","measures":[{"metric":"SM_CSHARP_CLONE_TREE","value":"{\"cloneClasses\":[]}"}]}}