{"component":{"id":"AWVZmQTNO7ZKf8ZCASZd","key":"Python058","name":"Python058","qualifier":"TRK","measures":[{"metric":"SM_PYTHON_LOGICAL_LEVEL3","value":"{\"levelTypes\":[\"Function\",\"Method\"],\"level\":[]}"}]}}