{"component":{"id":"AWVZnAKyO7ZKf8ZCASaO","key":"Python065","name":"Python065","qualifier":"TRK","measures":[{"metric":"SM_PYTHON_CLONE_TREE","value":"{\"cloneClasses\":[]}"}]}}