{"component":{"id":"AWUqPXCcXz0j1RnIAcSR","key":"NOA","name":"NOA","qualifier":"TRK","measures":[{"metric":"SM_JAVA_LOGICAL_LEVEL1","value":"{\"levelTypes\":[\"Package\"],\"level\":[{\"name\":\"\\u003croot_package\\u003e\",\"metrics\":{\"NCL\":0,\"NEN\":0,\"NIN\":0,\"NPKG\":1,\"TAD\":0.0,\"TNCL\":4,\"TNDI\":12,\"TNEN\":0,\"TNFI\":4,\"TNIN\":0,\"TNPCL\":4,\"TNPEN\":0,\"TNPIN\":0,\"TNPKG\":1,\"TPDA\":0,\"TPUA\":8,\"AD\":0.0,\"NA\":0,\"NG\":0,\"NM\":0,\"NPA\":0,\"NPM\":0,\"NS\":0,\"PDA\":0,\"PUA\":0,\"TNA\":2,\"TNG\":5,\"TNM\":7,\"TNPA\":0,\"TNPM\":4,\"TNS\":0,\"CC\":0.0,\"CCL\":0,\"CCO\":0,\"CD\":0.0,\"CI\":0,\"CLC\":0.0,\"CLLC\":0.0,\"CLOC\":0,\"LDC\":0.0,\"LLDC\":0.0,\"LLOC\":0,\"LOC\":0,\"TCD\":0.11904762,\"TCLOC\":5,\"TLLOC\":37,\"TLOC\":45,\"TNOS\":7}},{\"name\":\"regtest\",\"metrics\":{\"NCL\":4,\"NEN\":0,\"NIN\":0,\"NPKG\":0,\"TAD\":0.0,\"TNCL\":4,\"TNDI\":12,\"TNEN\":0,\"TNFI\":4,\"TNIN\":0,\"TNPCL\":4,\"TNPEN\":0,\"TNPIN\":0,\"TNPKG\":0,\"TPDA\":0,\"TPUA\":8,\"AD\":0.0,\"NA\":2,\"NG\":5,\"NM\":7,\"NPA\":0,\"NPM\":4,\"NS\":0,\"PDA\":0,\"PUA\":8,\"TNA\":2,\"TNG\":5,\"TNM\":7,\"TNPA\":0,\"TNPM\":4,\"TNS\":0,\"CC\":0.0,\"CCL\":0,\"CCO\":0,\"CD\":0.11904762,\"CI\":0,\"CLC\":0.0,\"CLLC\":0.0,\"CLOC\":5,\"LDC\":0.0,\"LLDC\":0.0,\"LLOC\":37,\"LOC\":45,\"TCD\":0.11904762,\"TCLOC\":5,\"TLLOC\":37,\"TLOC\":45,\"TNOS\":7}}]}"}]}}