{"component":{"id":"AWUqPXCcXz0j1RnIAcSR","key":"NOA","name":"NOA","qualifier":"TRK","measures":[{"metric":"SM_JAVA_LOGICAL_LEVEL2","value":"{\"levelTypes\":[\"Class\",\"Enum\",\"Interface\",\"Structure\"],\"level\":[{\"name\":\"Bar\",\"positions\":[{\"path\":\"Bar.java\",\"line\":3}],\"metrics\":{\"NLG\":1,\"NLPA\":0,\"NLPM\":0,\"NLS\":0,\"TNLG\":1,\"TNLPA\":0,\"TNLPM\":0,\"TNLS\":0,\"CBO\":1,\"CBOI\":2,\"DIT\":1,\"DLOC\":0,\"LCOM5\":0,\"NII\":1,\"NL\":0,\"NLA\":0,\"NLE\":0,\"NLM\":1,\"NOA\":1,\"NOC\":1,\"NOD\":2,\"NOI\":0,\"NOP\":1,\"NOS\":1,\"RFC\":1,\"TNLA\":0,\"TNLM\":1,\"WMC\":1,\"AD\":0.0,\"NA\":0,\"NG\":2,\"NM\":2,\"NPA\":0,\"NPM\":0,\"NS\":0,\"PDA\":0,\"PUA\":1,\"TNA\":0,\"TNG\":2,\"TNM\":2,\"TNPA\":0,\"TNPM\":0,\"TNS\":0,\"CC\":0.0,\"CCL\":0,\"CCO\":0,\"CD\":0.14285715,\"CI\":0,\"CLC\":0.0,\"CLLC\":0.0,\"CLOC\":1,\"LDC\":0.0,\"LLDC\":0.0,\"LLOC\":6,\"LOC\":6,\"TCD\":0.14285715,\"TCLOC\":1,\"TLLOC\":6,\"TLOC\":6,\"TNOS\":1}},{\"name\":\"ChildClass\",\"positions\":[{\"path\":\"ChildClass.java\",\"line\":3}],\"metrics\":{\"NLG\":2,\"NLPA\":0,\"NLPM\":4,\"NLS\":0,\"TNLG\":2,\"TNLPA\":0,\"TNLPM\":4,\"TNLS\":0,\"CBO\":2,\"CBOI\":0,\"DIT\":3,\"DLOC\":0,\"LCOM5\":1,\"NII\":0,\"NL\":0,\"NLA\":2,\"NLE\":0,\"NLM\":4,\"NOA\":3,\"NOC\":0,\"NOD\":0,\"NOI\":2,\"NOP\":1,\"NOS\":4,\"RFC\":6,\"TNLA\":2,\"TNLM\":4,\"WMC\":4,\"AD\":0.0,\"NA\":2,\"NG\":5,\"NM\":7,\"NPA\":0,\"NPM\":4,\"NS\":0,\"PDA\":0,\"PUA\":5,\"TNA\":2,\"TNG\":5,\"TNM\":7,\"TNPA\":0,\"TNPM\":4,\"TNS\":0,\"CC\":0.0,\"CCL\":0,\"CCO\":0,\"CD\":0.11764706,\"CI\":0,\"CLC\":0.0,\"CLLC\":0.0,\"CLOC\":2,\"LDC\":0.0,\"LLDC\":0.0,\"LLOC\":15,\"LOC\":19,\"TCD\":0.11764706,\"TCLOC\":2,\"TLLOC\":15,\"TLOC\":19,\"TNOS\":4}},{\"name\":\"Foo\",\"positions\":[{\"path\":\"Foo.java\",\"line\":3}],\"metrics\":{\"NLG\":1,\"NLPA\":0,\"NLPM\":0,\"NLS\":0,\"TNLG\":1,\"TNLPA\":0,\"TNLPM\":0,\"TNLS\":0,\"CBO\":1,\"CBOI\":1,\"DIT\":2,\"DLOC\":0,\"LCOM5\":0,\"NII\":1,\"NL\":0,\"NLA\":0,\"NLE\":0,\"NLM\":1,\"NOA\":2,\"NOC\":1,\"NOD\":1,\"NOI\":0,\"NOP\":1,\"NOS\":1,\"RFC\":1,\"TNLA\":0,\"TNLM\":1,\"WMC\":1,\"AD\":0.0,\"NA\":0,\"NG\":3,\"NM\":3,\"NPA\":0,\"NPM\":0,\"NS\":0,\"PDA\":0,\"PUA\":1,\"TNA\":0,\"TNG\":3,\"TNM\":3,\"TNPA\":0,\"TNPM\":0,\"TNS\":0,\"CC\":0.0,\"CCL\":0,\"CCO\":0,\"CD\":0.14285715,\"CI\":0,\"CLC\":0.0,\"CLLC\":0.0,\"CLOC\":1,\"LDC\":0.0,\"LLDC\":0.0,\"LLOC\":6,\"LOC\":6,\"TCD\":0.14285715,\"TCLOC\":1,\"TLLOC\":6,\"TLOC\":6,\"TNOS\":1}},{\"name\":\"SuperClass\",\"positions\":[{\"path\":\"SuperClass.java\",\"line\":3}],\"metrics\":{\"NLG\":1,\"NLPA\":0,\"NLPM\":0,\"NLS\":0,\"TNLG\":1,\"TNLPA\":0,\"TNLPM\":0,\"TNLS\":0,\"CBO\":0,\"CBOI\":1,\"DIT\":0,\"DLOC\":0,\"LCOM5\":0,\"NII\":0,\"NL\":0,\"NLA\":0,\"NLE\":0,\"NLM\":1,\"NOA\":0,\"NOC\":1,\"NOD\":3,\"NOI\":0,\"NOP\":0,\"NOS\":1,\"RFC\":1,\"TNLA\":0,\"TNLM\":1,\"WMC\":1,\"AD\":0.0,\"NA\":0,\"NG\":1,\"NM\":1,\"NPA\":0,\"NPM\":0,\"NS\":0,\"PDA\":0,\"PUA\":1,\"TNA\":0,\"TNG\":1,\"TNM\":1,\"TNPA\":0,\"TNPM\":0,\"TNS\":0,\"CC\":0.0,\"CCL\":0,\"CCO\":0,\"CD\":0.14285715,\"CI\":0,\"CLC\":0.0,\"CLLC\":0.0,\"CLOC\":1,\"LDC\":0.0,\"LLDC\":0.0,\"LLOC\":6,\"LOC\":6,\"TCD\":0.14285715,\"TCLOC\":1,\"TLLOC\":6,\"TLOC\":6,\"TNOS\":1}}]}"}]}}