{"component":{"id":"AWUqUi5CXz0j1RnIAcVx","key":"TNIN","name":"TNIN","qualifier":"TRK","measures":[{"metric":"SM_JAVA_CLONE_TREE","value":"{\"cloneClasses\":[]}"}]}}