{"component":{"id":"AWUqQTdSXz0j1RnIAcS0","key":"NOPclasses","name":"NOPclasses","qualifier":"TRK","measures":[{"metric":"SM_JAVA_LOGICAL_LEVEL1","value":"{\"levelTypes\":[\"Package\"],\"level\":[{\"name\":\"\\u003croot_package\\u003e\",\"metrics\":{\"NCL\":0,\"NEN\":0,\"NIN\":0,\"NPKG\":1,\"TAD\":0.0,\"TNCL\":3,\"TNDI\":12,\"TNEN\":0,\"TNFI\":3,\"TNIN\":0,\"TNPCL\":3,\"TNPEN\":0,\"TNPIN\":0,\"TNPKG\":1,\"TPDA\":0,\"TPUA\":7,\"AD\":0.0,\"NA\":0,\"NG\":0,\"NM\":0,\"NPA\":0,\"NPM\":0,\"NS\":0,\"PDA\":0,\"PUA\":0,\"TNA\":2,\"TNG\":4,\"TNM\":6,\"TNPA\":0,\"TNPM\":4,\"TNS\":0,\"CC\":0.0,\"CCL\":0,\"CCO\":0,\"CD\":0.0,\"CI\":0,\"CLC\":0.0,\"CLLC\":0.0,\"CLOC\":0,\"LDC\":0.0,\"LLDC\":0.0,\"LLOC\":0,\"LOC\":0,\"TCD\":0.032258064,\"TCLOC\":1,\"TLLOC\":30,\"TLOC\":37,\"TNOS\":6}},{\"name\":\"regtest\",\"metrics\":{\"NCL\":3,\"NEN\":0,\"NIN\":0,\"NPKG\":0,\"TAD\":0.0,\"TNCL\":3,\"TNDI\":12,\"TNEN\":0,\"TNFI\":3,\"TNIN\":0,\"TNPCL\":3,\"TNPEN\":0,\"TNPIN\":0,\"TNPKG\":0,\"TPDA\":0,\"TPUA\":7,\"AD\":0.0,\"NA\":2,\"NG\":4,\"NM\":6,\"NPA\":0,\"NPM\":4,\"NS\":0,\"PDA\":0,\"PUA\":7,\"TNA\":2,\"TNG\":4,\"TNM\":6,\"TNPA\":0,\"TNPM\":4,\"TNS\":0,\"CC\":0.0,\"CCL\":0,\"CCO\":0,\"CD\":0.032258064,\"CI\":0,\"CLC\":0.0,\"CLLC\":0.0,\"CLOC\":1,\"LDC\":0.0,\"LLDC\":0.0,\"LLOC\":30,\"LOC\":37,\"TCD\":0.032258064,\"TCLOC\":1,\"TLLOC\":30,\"TLOC\":37,\"TNOS\":6}}]}"}]}}