{"component":{"id":"AWYe01JWNBfRLYd8j0k-","key":"Types","name":"Types","qualifier":"TRK","measures":[{"metric":"SM_CPP_LOGICAL_LEVEL3","value":"{\"levelTypes\":[\"Function\",\"Method\"],\"level\":[{\"name\":\"types1\",\"positions\":[{\"path\":\"types.cpp\",\"line\":7}],\"metrics\":{\"DLOC\":0,\"HCPL\":23.509773,\"HDIF\":3.0,\"HEFF\":119.58941,\"HNDB\":24.273283,\"HPL\":12,\"HPV\":10,\"HTRP\":6.643856,\"HVOL\":39.863136,\"McCC\":1,\"MI\":0.0,\"MIMS\":0.0,\"MISEI\":0.0,\"MISM\":0.0,\"NII\":0,\"NL\":0,\"NLE\":0,\"NOI\":0,\"NOS\":0,\"NUMPAR\":0,\"CC\":0.0,\"CCL\":0,\"CCO\":0,\"CD\":0.0,\"CI\":0,\"CLC\":0.0,\"CLLC\":0.0,\"CLOC\":0,\"LDC\":0.0,\"LLDC\":0.0,\"LLOC\":5,\"LOC\":5,\"TCD\":0.0,\"TCLOC\":0,\"TLLOC\":5,\"TLOC\":5,\"TNOS\":0}},{\"name\":\"types2\",\"positions\":[{\"path\":\"types.cpp\",\"line\":17}],\"metrics\":{\"DLOC\":0,\"HCPL\":23.509773,\"HDIF\":3.75,\"HEFF\":186.85844,\"HNDB\":32.6845,\"HPL\":15,\"HPV\":10,\"HTRP\":10.381024,\"HVOL\":49.82892,\"McCC\":1,\"MI\":0.0,\"MIMS\":0.0,\"MISEI\":0.0,\"MISM\":0.0,\"NII\":0,\"NL\":0,\"NLE\":0,\"NOI\":0,\"NOS\":0,\"NUMPAR\":0,\"CC\":0.0,\"CCL\":0,\"CCO\":0,\"CD\":0.0,\"CI\":0,\"CLC\":0.0,\"CLLC\":0.0,\"CLOC\":0,\"LDC\":0.0,\"LLDC\":0.0,\"LLOC\":5,\"LOC\":5,\"TCD\":0.0,\"TCLOC\":0,\"TLLOC\":5,\"TLOC\":5,\"TNOS\":0}},{\"name\":\"types3\",\"positions\":[{\"path\":\"types.cpp\",\"line\":27}],\"metrics\":{\"DLOC\":0,\"HCPL\":52.529327,\"HDIF\":4.5,\"HEFF\":441.44598,\"HNDB\":57.97647,\"HPL\":24,\"HPV\":17,\"HTRP\":24.524776,\"HVOL\":98.099106,\"McCC\":1,\"MI\":0.0,\"MIMS\":0.0,\"MISEI\":0.0,\"MISM\":0.0,\"NII\":0,\"NL\":0,\"NLE\":0,\"NOI\":0,\"NOS\":0,\"NUMPAR\":0,\"CC\":0.0,\"CCL\":0,\"CCO\":0,\"CD\":0.0,\"CI\":0,\"CLC\":0.0,\"CLLC\":0.0,\"CLOC\":0,\"LDC\":0.0,\"LLDC\":0.0,\"LLOC\":9,\"LOC\":9,\"TCD\":0.0,\"TCLOC\":0,\"TLLOC\":9,\"TLOC\":9,\"TNOS\":0}},{\"name\":\"types_signed_unsigned\",\"positions\":[{\"path\":\"types.cpp\",\"line\":41}],\"metrics\":{\"DLOC\":0,\"HCPL\":23.21928,\"HDIF\":2.5,\"HEFF\":124.572296,\"HNDB\":24.942944,\"HPL\":15,\"HPV\":10,\"HTRP\":6.920683,\"HVOL\":49.82892,\"McCC\":1,\"MI\":0.0,\"MIMS\":0.0,\"MISEI\":0.0,\"MISM\":0.0,\"NII\":0,\"NL\":0,\"NLE\":0,\"NOI\":0,\"NOS\":0,\"NUMPAR\":0,\"CC\":0.0,\"CCL\":0,\"CCO\":0,\"CD\":0.0,\"CI\":0,\"CLC\":0.0,\"CLLC\":0.0,\"CLOC\":0,\"LDC\":0.0,\"LLDC\":0.0,\"LLOC\":6,\"LOC\":6,\"TCD\":0.0,\"TCLOC\":0,\"TLLOC\":6,\"TLOC\":6,\"TNOS\":0}},{\"name\":\"type_auto\",\"positions\":[{\"path\":\"types.cpp\",\"line\":52}],\"metrics\":{\"DLOC\":0,\"HCPL\":0.0,\"HDIF\":0.5,\"HEFF\":1.0,\"HNDB\":1.0,\"HPL\":2,\"HPV\":2,\"HTRP\":0.055555556,\"HVOL\":2.0,\"McCC\":1,\"MI\":0.0,\"MIMS\":0.0,\"MISEI\":0.0,\"MISM\":0.0,\"NII\":0,\"NL\":0,\"NLE\":0,\"NOI\":0,\"NOS\":0,\"NUMPAR\":0,\"CC\":0.0,\"CCL\":0,\"CCO\":0,\"CD\":0.0,\"CI\":0,\"CLC\":0.0,\"CLLC\":0.0,\"CLOC\":1,\"LDC\":0.0,\"LLDC\":0.0,\"LLOC\":2,\"LOC\":8,\"TCD\":0.0,\"TCLOC\":1,\"TLLOC\":2,\"TLOC\":8,\"TNOS\":0}},{\"name\":\"type_register\",\"positions\":[{\"path\":\"types.cpp\",\"line\":65}],\"metrics\":{\"DLOC\":0,\"HCPL\":10.0,\"HDIF\":2.0,\"HEFF\":31.019548,\"HNDB\":9.872421,\"HPL\":6,\"HPV\":6,\"HTRP\":1.7233082,\"HVOL\":15.509774,\"McCC\":1,\"MI\":0.0,\"MIMS\":0.0,\"MISEI\":0.0,\"MISM\":0.0,\"NII\":0,\"NL\":0,\"NLE\":0,\"NOI\":0,\"NOS\":0,\"NUMPAR\":0,\"CC\":0.0,\"CCL\":0,\"CCO\":0,\"CD\":0.0,\"CI\":0,\"CLC\":0.0,\"CLLC\":0.0,\"CLOC\":0,\"LDC\":0.0,\"LLDC\":0.0,\"LLOC\":3,\"LOC\":3,\"TCD\":0.0,\"TCLOC\":0,\"TLLOC\":3,\"TLOC\":3,\"TNOS\":0}},{\"name\":\"main\",\"positions\":[{\"path\":\"types.cpp\",\"line\":69}],\"metrics\":{\"DLOC\":0,\"HCPL\":6.7548876,\"HDIF\":1.5,\"HEFF\":17.41446,\"HNDB\":6.718516,\"HPL\":5,\"HPV\":5,\"HTRP\":0.96746993,\"HVOL\":11.60964,\"McCC\":1,\"MI\":0.0,\"MIMS\":0.0,\"MISEI\":0.0,\"MISM\":0.0,\"NII\":0,\"NL\":0,\"NLE\":0,\"NOI\":0,\"NOS\":0,\"NUMPAR\":0,\"CC\":0.0,\"CCL\":0,\"CCO\":0,\"CD\":0.0,\"CI\":0,\"CLC\":0.0,\"CLLC\":0.0,\"CLOC\":0,\"LDC\":0.0,\"LLDC\":0.0,\"LLOC\":3,\"LOC\":3,\"TCD\":0.0,\"TCLOC\":0,\"TLLOC\":3,\"TLOC\":3,\"TNOS\":0}}]}"}]}}