{"component":{"id":"AWVZmJXLO7ZKf8ZCASZW","key":"Python057","name":"Python057","qualifier":"TRK","measures":[{"metric":"SM_PYTHON_CLONE_TREE","value":"{\"cloneClasses\":[]}"}]}}