{"component":{"id":"AWUqTYC8Xz0j1RnIAcU5","key":"NUMPAR","name":"NUMPAR","qualifier":"TRK","measures":[{"metric":"SM_JAVA_LOGICAL_LEVEL2","value":"{\"levelTypes\":[\"Class\",\"Enum\",\"Interface\",\"Structure\"],\"level\":[{\"name\":\"NUMPAR\",\"positions\":[{\"path\":\"NUMPAR.java\",\"line\":2}],\"metrics\":{\"NLG\":0,\"NLPA\":0,\"NLPM\":7,\"NLS\":0,\"TNLG\":0,\"TNLPA\":0,\"TNLPM\":7,\"TNLS\":0,\"CBO\":0,\"CBOI\":0,\"DIT\":0,\"DLOC\":0,\"LCOM5\":7,\"NII\":0,\"NL\":0,\"NLA\":0,\"NLE\":0,\"NLM\":7,\"NOA\":0,\"NOC\":0,\"NOD\":0,\"NOI\":0,\"NOP\":0,\"NOS\":1,\"RFC\":7,\"TNLA\":0,\"TNLM\":7,\"WMC\":7,\"AD\":0.0,\"NA\":0,\"NG\":0,\"NM\":7,\"NPA\":0,\"NPM\":7,\"NS\":0,\"PDA\":0,\"PUA\":8,\"TNA\":0,\"TNG\":0,\"TNM\":7,\"TNPA\":0,\"TNPM\":7,\"TNS\":0,\"CC\":0.0,\"CCL\":0,\"CCO\":0,\"CD\":0.39285713,\"CI\":0,\"CLC\":0.0,\"CLLC\":0.0,\"CLOC\":11,\"LDC\":0.0,\"LLDC\":0.0,\"LLOC\":17,\"LOC\":22,\"TCD\":0.39285713,\"TCLOC\":11,\"TLLOC\":17,\"TLOC\":22,\"TNOS\":1}}]}"}]}}