{"component":{"id":"AWUqQ06CXz0j1RnIAcTJ","key":"TNM","name":"TNM","qualifier":"TRK","measures":[{"metric":"SM_JAVA_LOGICAL_LEVEL1","value":"{\"levelTypes\":[\"Package\"],\"level\":[{\"name\":\"\\u003croot_package\\u003e\",\"metrics\":{\"NCL\":0,\"NEN\":0,\"NIN\":0,\"NPKG\":1,\"TAD\":1.0,\"TNCL\":2,\"TNDI\":12,\"TNEN\":0,\"TNFI\":1,\"TNIN\":0,\"TNPCL\":1,\"TNPEN\":0,\"TNPIN\":0,\"TNPKG\":1,\"TPDA\":1,\"TPUA\":0,\"AD\":0.0,\"NA\":0,\"NG\":0,\"NM\":0,\"NPA\":0,\"NPM\":0,\"NS\":0,\"PDA\":0,\"PUA\":0,\"TNA\":0,\"TNG\":0,\"TNM\":4,\"TNPA\":0,\"TNPM\":0,\"TNS\":0,\"CC\":0.0,\"CCL\":0,\"CCO\":0,\"CD\":0.0,\"CI\":0,\"CLC\":0.0,\"CLLC\":0.0,\"CLOC\":0,\"LDC\":0.0,\"LLDC\":0.0,\"LLOC\":0,\"LOC\":0,\"TCD\":0.09090909,\"TCLOC\":1,\"TLLOC\":10,\"TLOC\":12,\"TNOS\":1}},{\"name\":\"unnamed package\",\"metrics\":{\"NCL\":2,\"NEN\":0,\"NIN\":0,\"NPKG\":0,\"TAD\":1.0,\"TNCL\":2,\"TNDI\":12,\"TNEN\":0,\"TNFI\":1,\"TNIN\":0,\"TNPCL\":1,\"TNPEN\":0,\"TNPIN\":0,\"TNPKG\":0,\"TPDA\":1,\"TPUA\":0,\"AD\":1.0,\"NA\":0,\"NG\":0,\"NM\":4,\"NPA\":0,\"NPM\":0,\"NS\":0,\"PDA\":1,\"PUA\":0,\"TNA\":0,\"TNG\":0,\"TNM\":4,\"TNPA\":0,\"TNPM\":0,\"TNS\":0,\"CC\":0.0,\"CCL\":0,\"CCO\":0,\"CD\":0.09090909,\"CI\":0,\"CLC\":0.0,\"CLLC\":0.0,\"CLOC\":1,\"LDC\":0.0,\"LLDC\":0.0,\"LLOC\":10,\"LOC\":12,\"TCD\":0.09090909,\"TCLOC\":1,\"TLLOC\":10,\"TLOC\":12,\"TNOS\":1}}]}"}]}}