{"component":{"id":"AWUqQ06CXz0j1RnIAcTJ","key":"TNM","name":"TNM","qualifier":"TRK","measures":[{"metric":"SM_JAVA_LOGICAL_LEVEL3","value":"{\"levelTypes\":[\"Method\"],\"level\":[{\"name\":\"int multiple(int a, int b)\",\"positions\":[{\"path\":\"Test.java\",\"line\":4}],\"metrics\":{\"DLOC\":0,\"HCPL\":12.754888,\"HDIF\":3.3333333,\"HEFF\":102.93635,\"HNDB\":21.964056,\"HPL\":11,\"HPV\":7,\"HTRP\":5.718686,\"HVOL\":30.880905,\"McCC\":1,\"MI\":135.13576,\"MIMS\":79.026764,\"MISEI\":119.360664,\"MISM\":69.80156,\"NII\":0,\"NL\":0,\"NLE\":0,\"NOI\":0,\"NOS\":1,\"NUMPAR\":2,\"CC\":0.0,\"CCL\":0,\"CCO\":0,\"CD\":0.0,\"CI\":0,\"CLC\":0.0,\"CLLC\":0.0,\"CLOC\":0,\"LDC\":0.0,\"LLDC\":0.0,\"LLOC\":3,\"LOC\":3,\"TCD\":0.0,\"TCLOC\":0,\"TLLOC\":3,\"TLOC\":3,\"TNOS\":1}},{\"name\":\"void goo()\",\"positions\":[{\"path\":\"Test.java\",\"line\":7}],\"metrics\":{\"DLOC\":0,\"HCPL\":0.0,\"HDIF\":0.5,\"HEFF\":1.0,\"HNDB\":1.0,\"HPL\":2,\"HPV\":2,\"HTRP\":0.055555556,\"HVOL\":2.0,\"McCC\":1,\"MI\":167.16563,\"MIMS\":97.75768,\"MISEI\":165.57,\"MISM\":96.82456,\"NII\":0,\"NL\":0,\"NLE\":0,\"NOI\":0,\"NOS\":0,\"NUMPAR\":0,\"CC\":0.0,\"CCL\":0,\"CCO\":0,\"CD\":0.0,\"CI\":0,\"CLC\":0.0,\"CLLC\":0.0,\"CLOC\":0,\"LDC\":0.0,\"LLDC\":0.0,\"LLOC\":1,\"LOC\":1,\"TCD\":0.0,\"TCLOC\":0,\"TLLOC\":1,\"TLOC\":1,\"TNOS\":0}},{\"name\":\"void loo()\",\"positions\":[{\"path\":\"Test.java\",\"line\":9}],\"metrics\":{\"DLOC\":0,\"HCPL\":0.0,\"HDIF\":0.5,\"HEFF\":1.0,\"HNDB\":1.0,\"HPL\":2,\"HPV\":2,\"HTRP\":0.055555556,\"HVOL\":2.0,\"McCC\":1,\"MI\":167.16563,\"MIMS\":97.75768,\"MISEI\":165.57,\"MISM\":96.82456,\"NII\":0,\"NL\":0,\"NLE\":0,\"NOI\":0,\"NOS\":0,\"NUMPAR\":0,\"CC\":0.0,\"CCL\":0,\"CCO\":0,\"CD\":0.0,\"CI\":0,\"CLC\":0.0,\"CLLC\":0.0,\"CLOC\":0,\"LDC\":0.0,\"LLDC\":0.0,\"LLOC\":1,\"LOC\":1,\"TCD\":0.0,\"TCLOC\":0,\"TLLOC\":1,\"TLOC\":1,\"TNOS\":0}},{\"name\":\"void foo()\",\"positions\":[{\"path\":\"Test.java\",\"line\":10}],\"metrics\":{\"DLOC\":0,\"HCPL\":0.0,\"HDIF\":0.5,\"HEFF\":1.0,\"HNDB\":1.0,\"HPL\":2,\"HPV\":2,\"HTRP\":0.055555556,\"HVOL\":2.0,\"McCC\":1,\"MI\":167.16563,\"MIMS\":97.75768,\"MISEI\":165.57,\"MISM\":96.82456,\"NII\":0,\"NL\":0,\"NLE\":0,\"NOI\":0,\"NOS\":0,\"NUMPAR\":0,\"CC\":0.0,\"CCL\":0,\"CCO\":0,\"CD\":0.0,\"CI\":0,\"CLC\":0.0,\"CLLC\":0.0,\"CLOC\":0,\"LDC\":0.0,\"LLDC\":0.0,\"LLOC\":1,\"LOC\":1,\"TCD\":0.0,\"TCLOC\":0,\"TLLOC\":1,\"TLOC\":1,\"TNOS\":0}}]}"}]}}