{"component":{"id":"AWVZgB5AO7ZKf8ZCASTO","key":"Python001","name":"Python001","qualifier":"TRK","measures":[{"metric":"SM_PYTHON_CLONE_TREE","value":"{\"cloneClasses\":[]}"}]}}