{"component":{"id":"AWYe1uSGNBfRLYd8j0lb","key":"TLLOCsimpleTest","name":"TLLOCsimpleTest","qualifier":"TRK","measures":[{"metric":"SM_CPP_LOGICAL_LEVEL3","value":"{\"levelTypes\":[\"Function\",\"Method\"],\"level\":[{\"name\":\"multiple\",\"positions\":[{\"path\":\"TLLOC_simple.cpp\",\"line\":12}],\"metrics\":{\"DLOC\":0,\"HCPL\":12.754888,\"HDIF\":3.3333333,\"HEFF\":102.93635,\"HNDB\":21.964056,\"HPL\":11,\"HPV\":7,\"HTRP\":5.718686,\"HVOL\":30.880905,\"McCC\":1,\"MI\":0.0,\"MIMS\":0.0,\"MISEI\":0.0,\"MISM\":0.0,\"NII\":0,\"NL\":0,\"NLE\":0,\"NOI\":0,\"NOS\":0,\"NUMPAR\":0,\"CC\":0.0,\"CCL\":0,\"CCO\":0,\"CD\":0.0,\"CI\":0,\"CLC\":0.0,\"CLLC\":0.0,\"CLOC\":1,\"LDC\":0.0,\"LLDC\":0.0,\"LLOC\":3,\"LOC\":5,\"TCD\":0.0,\"TCLOC\":1,\"TLLOC\":3,\"TLOC\":5,\"TNOS\":0}},{\"name\":\"main\",\"positions\":[{\"path\":\"TLLOC_simple.cpp\",\"line\":18}],\"metrics\":{\"DLOC\":0,\"HCPL\":6.7548876,\"HDIF\":1.5,\"HEFF\":17.41446,\"HNDB\":6.718516,\"HPL\":5,\"HPV\":5,\"HTRP\":0.96746993,\"HVOL\":11.60964,\"McCC\":1,\"MI\":0.0,\"MIMS\":0.0,\"MISEI\":0.0,\"MISM\":0.0,\"NII\":0,\"NL\":0,\"NLE\":0,\"NOI\":0,\"NOS\":0,\"NUMPAR\":0,\"CC\":0.0,\"CCL\":0,\"CCO\":0,\"CD\":0.0,\"CI\":0,\"CLC\":0.0,\"CLLC\":0.0,\"CLOC\":0,\"LDC\":0.0,\"LLDC\":0.0,\"LLOC\":3,\"LOC\":3,\"TCD\":0.0,\"TCLOC\":0,\"TLLOC\":3,\"TLOC\":3,\"TNOS\":0}},{\"name\":\"multiple\",\"positions\":[{\"path\":\"TLLOC_simple.h\",\"line\":15}],\"metrics\":{\"DLOC\":0,\"HCPL\":4.7548876,\"HDIF\":0.5,\"HEFF\":6.0,\"HNDB\":3.3019273,\"HPL\":6,\"HPV\":4,\"HTRP\":0.33333334,\"HVOL\":12.0,\"McCC\":0,\"MI\":0.0,\"MIMS\":0.0,\"MISEI\":0.0,\"MISM\":0.0,\"NII\":0,\"NL\":0,\"NLE\":0,\"NOI\":0,\"NOS\":0,\"NUMPAR\":0,\"CC\":0.0,\"CCL\":0,\"CCO\":0,\"CD\":0.0,\"CI\":0,\"CLC\":0.0,\"CLLC\":0.0,\"CLOC\":0,\"LDC\":0.0,\"LLDC\":0.0,\"LLOC\":1,\"LOC\":1,\"TCD\":0.0,\"TCLOC\":0,\"TLLOC\":1,\"TLOC\":1,\"TNOS\":0}},{\"name\":\"foo\",\"positions\":[{\"path\":\"TLLOC_simple.cpp\",\"line\":4}],\"metrics\":{\"DLOC\":0,\"HCPL\":31.019548,\"HDIF\":5.0,\"HEFF\":412.27066,\"HNDB\":55.393017,\"HPL\":23,\"HPV\":12,\"HTRP\":22.903925,\"HVOL\":82.45413,\"McCC\":1,\"MI\":0.0,\"MIMS\":0.0,\"MISEI\":0.0,\"MISM\":0.0,\"NII\":0,\"NL\":0,\"NLE\":0,\"NOI\":0,\"NOS\":0,\"NUMPAR\":0,\"CC\":0.0,\"CCL\":0,\"CCO\":0,\"CD\":0.0,\"CI\":0,\"CLC\":0.0,\"CLLC\":0.0,\"CLOC\":1,\"LDC\":0.0,\"LLDC\":0.0,\"LLOC\":5,\"LOC\":7,\"TCD\":0.0,\"TCLOC\":1,\"TLLOC\":5,\"TLOC\":7,\"TNOS\":0}},{\"name\":\"bar\",\"positions\":[{\"path\":\"TLLOC_simple.h\",\"line\":10}],\"metrics\":{\"DLOC\":0,\"HCPL\":0.0,\"HDIF\":0.5,\"HEFF\":1.0,\"HNDB\":1.0,\"HPL\":2,\"HPV\":2,\"HTRP\":0.055555556,\"HVOL\":2.0,\"McCC\":0,\"MI\":0.0,\"MIMS\":0.0,\"MISEI\":0.0,\"MISM\":0.0,\"NII\":0,\"NL\":0,\"NLE\":0,\"NOI\":0,\"NOS\":0,\"NUMPAR\":0,\"CC\":0.0,\"CCL\":0,\"CCO\":0,\"CD\":0.0,\"CI\":0,\"CLC\":0.0,\"CLLC\":0.0,\"CLOC\":0,\"LDC\":0.0,\"LLDC\":0.0,\"LLOC\":1,\"LOC\":1,\"TCD\":0.0,\"TCLOC\":0,\"TLLOC\":1,\"TLOC\":1,\"TNOS\":0}},{\"name\":\"noo\",\"positions\":[{\"path\":\"TLLOC_simple.h\",\"line\":12}],\"metrics\":{\"DLOC\":0,\"HCPL\":0.0,\"HDIF\":0.5,\"HEFF\":1.0,\"HNDB\":1.0,\"HPL\":2,\"HPV\":2,\"HTRP\":0.055555556,\"HVOL\":2.0,\"McCC\":0,\"MI\":0.0,\"MIMS\":0.0,\"MISEI\":0.0,\"MISM\":0.0,\"NII\":0,\"NL\":0,\"NLE\":0,\"NOI\":0,\"NOS\":0,\"NUMPAR\":0,\"CC\":0.0,\"CCL\":0,\"CCO\":0,\"CD\":0.0,\"CI\":0,\"CLC\":0.0,\"CLLC\":0.0,\"CLOC\":0,\"LDC\":0.0,\"LLDC\":0.0,\"LLOC\":1,\"LOC\":1,\"TCD\":0.0,\"TCLOC\":0,\"TLLOC\":1,\"TLOC\":1,\"TNOS\":0}}]}"}]}}