{"component":{"id":"AWVSZT8ddXJe8YMC0dx4","key":"IndexerGetterCall","name":"IndexerGetterCall","qualifier":"TRK","measures":[{"metric":"SM_CSHARP_CLONE_TREE","value":"{\"cloneClasses\":[]}"}]}}