{"component":{"id":"AWVZl7LjO7ZKf8ZCASZI","key":"Python055","name":"Python055","qualifier":"TRK","measures":[{"metric":"SM_PYTHON_LOGICAL_LEVEL3","value":"{\"levelTypes\":[\"Function\",\"Method\"],\"level\":[]}"}]}}