{"component":{"id":"AWVZj9bMO7ZKf8ZCASXK","key":"Python037","name":"Python037","qualifier":"TRK","measures":[{"metric":"SM_PYTHON_CLONE_TREE","value":"{\"cloneClasses\":[]}"}]}}