{"component":{"id":"AWVZkmx4O7ZKf8ZCASX0","key":"Python043","name":"Python043","qualifier":"TRK","measures":[{"metric":"SM_PYTHON_CLONE_TREE","value":"{\"cloneClasses\":[]}"}]}}