{"component":{"id":"AWVSZwc5dXJe8YMC0dyU","key":"LambdaTest","name":"LambdaTest","qualifier":"TRK","measures":[{"metric":"SM_CSHARP_LOGICAL_LEVEL2","value":"{\"levelTypes\":[\"Class\",\"Enum\",\"Interface\",\"Structure\"],\"level\":[{\"name\":\"Example\",\"positions\":[{\"path\":\"LambdaTest.cs\",\"line\":5}],\"metrics\":{\"NLG\":0,\"NLPA\":0,\"NLPM\":2,\"NLS\":0,\"TNLG\":0,\"TNLPA\":0,\"TNLPM\":2,\"TNLS\":0,\"CBO\":0,\"CBOI\":0,\"DIT\":0,\"DLOC\":0,\"LCOM5\":2,\"NII\":0,\"NL\":0,\"NLA\":0,\"NLE\":0,\"NLM\":2,\"NOA\":0,\"NOC\":0,\"NOD\":0,\"NOI\":0,\"NOP\":0,\"NOS\":2,\"RFC\":2,\"TNLA\":0,\"TNLM\":2,\"WMC\":2,\"AD\":0.0,\"NA\":0,\"NG\":0,\"NM\":2,\"NPA\":0,\"NPM\":2,\"NS\":0,\"PDA\":0,\"PUA\":3,\"TNA\":0,\"TNG\":0,\"TNM\":2,\"TNPA\":0,\"TNPM\":2,\"TNS\":0,\"CC\":0.0,\"CCL\":0,\"CCO\":0,\"CD\":0.0,\"CI\":0,\"CLC\":0.0,\"CLLC\":0.0,\"CLOC\":0,\"LDC\":0.0,\"LLDC\":0.0,\"LLOC\":11,\"LOC\":14,\"TCD\":0.0,\"TCLOC\":0,\"TLLOC\":11,\"TLOC\":14,\"TNOS\":2}}]}"}]}}