{"component":{"id":"AWVZkLALO7ZKf8ZCASXY","key":"Python039","name":"Python039","qualifier":"TRK","measures":[{"metric":"SM_PYTHON_CLONE_TREE","value":"{\"cloneClasses\":[]}"}]}}