{"component":{"id":"AWVSWq-QdXJe8YMC0dvy","key":"AddRemoveDelegates","name":"AddRemoveDelegates","qualifier":"TRK","measures":[{"metric":"SM_CSHARP_CLONE_TREE","value":"{\"cloneClasses\":[]}"}]}}