{"component":{"id":"AWVSWq-QdXJe8YMC0dvy","key":"AddRemoveDelegates","name":"AddRemoveDelegates","qualifier":"TRK","measures":[{"metric":"SM_CSHARP_LOGICAL_LEVEL3","value":"{\"levelTypes\":[\"Method\"],\"level\":[{\"name\":\"add_Overdrawn\",\"positions\":[{\"path\":\"AddRemoveDelegates.cs\",\"line\":14}],\"metrics\":{\"DLOC\":1,\"McCC\":1,\"NII\":1,\"NL\":0,\"NLE\":0,\"NOI\":0,\"NOS\":1,\"NUMPAR\":1,\"CC\":0.0,\"CCL\":0,\"CCO\":0,\"CD\":0.16666667,\"CI\":0,\"CLC\":0.0,\"CLLC\":0.0,\"CLOC\":1,\"LDC\":0.0,\"LLDC\":0.0,\"LLOC\":5,\"LOC\":5,\"TCD\":0.16666667,\"TCLOC\":1,\"TLLOC\":5,\"TLOC\":5,\"TNOS\":1}},{\"name\":\"remove_Overdrawn\",\"positions\":[{\"path\":\"AddRemoveDelegates.cs\",\"line\":19}],\"metrics\":{\"DLOC\":1,\"McCC\":1,\"NII\":1,\"NL\":0,\"NLE\":0,\"NOI\":0,\"NOS\":1,\"NUMPAR\":1,\"CC\":0.0,\"CCL\":0,\"CCO\":0,\"CD\":0.16666667,\"CI\":0,\"CLC\":0.0,\"CLLC\":0.0,\"CLOC\":1,\"LDC\":0.0,\"LLDC\":0.0,\"LLOC\":5,\"LOC\":5,\"TCD\":0.16666667,\"TCLOC\":1,\"TLLOC\":5,\"TLOC\":5,\"TNOS\":1}},{\"name\":\"get_Balance\",\"positions\":[{\"path\":\"AddRemoveDelegates.cs\",\"line\":28}],\"metrics\":{\"DLOC\":0,\"McCC\":1,\"NII\":0,\"NL\":0,\"NLE\":0,\"NOI\":0,\"NOS\":1,\"NUMPAR\":0,\"CC\":0.0,\"CCL\":0,\"CCO\":0,\"CD\":0.0,\"CI\":0,\"CLC\":0.0,\"CLLC\":0.0,\"CLOC\":0,\"LDC\":0.0,\"LLDC\":0.0,\"LLOC\":1,\"LOC\":1,\"TCD\":0.0,\"TCLOC\":0,\"TLLOC\":1,\"TLOC\":1,\"TNOS\":1}},{\"name\":\"set_Balance\",\"positions\":[{\"path\":\"AddRemoveDelegates.cs\",\"line\":29}],\"metrics\":{\"DLOC\":0,\"McCC\":1,\"NII\":0,\"NL\":0,\"NLE\":0,\"NOI\":0,\"NOS\":1,\"NUMPAR\":1,\"CC\":0.0,\"CCL\":0,\"CCO\":0,\"CD\":0.0,\"CI\":0,\"CLC\":0.0,\"CLLC\":0.0,\"CLOC\":0,\"LDC\":0.0,\"LLDC\":0.0,\"LLOC\":1,\"LOC\":1,\"TCD\":0.0,\"TCLOC\":0,\"TLLOC\":1,\"TLOC\":1,\"TNOS\":1}},{\"name\":\"UpdateBalance\",\"positions\":[{\"path\":\"AddRemoveDelegates.cs\",\"line\":32}],\"metrics\":{\"DLOC\":0,\"McCC\":3,\"NII\":1,\"NL\":2,\"NLE\":2,\"NOI\":0,\"NOS\":4,\"NUMPAR\":1,\"CC\":0.0,\"CCL\":0,\"CCO\":0,\"CD\":0.11111111,\"CI\":0,\"CLC\":0.0,\"CLLC\":0.0,\"CLOC\":1,\"LDC\":0.0,\"LLDC\":0.0,\"LLOC\":8,\"LOC\":10,\"TCD\":0.11111111,\"TCLOC\":1,\"TLLOC\":8,\"TLOC\":10,\"TNOS\":4}},{\"name\":\"account_Overdrawn\",\"positions\":[{\"path\":\"AddRemoveDelegates.cs\",\"line\":47}],\"metrics\":{\"DLOC\":0,\"McCC\":1,\"NII\":0,\"NL\":0,\"NLE\":0,\"NOI\":0,\"NOS\":1,\"NUMPAR\":2,\"CC\":0.0,\"CCL\":0,\"CCO\":0,\"CD\":0.0,\"CI\":0,\"CLC\":0.0,\"CLLC\":0.0,\"CLOC\":0,\"LDC\":0.0,\"LLDC\":0.0,\"LLOC\":4,\"LOC\":4,\"TCD\":0.0,\"TCLOC\":0,\"TLLOC\":4,\"TLOC\":4,\"TNOS\":1}},{\"name\":\"Main\",\"positions\":[{\"path\":\"AddRemoveDelegates.cs\",\"line\":53}],\"metrics\":{\"DLOC\":0,\"McCC\":1,\"NII\":0,\"NL\":0,\"NLE\":0,\"NOI\":3,\"NOS\":4,\"NUMPAR\":1,\"CC\":0.0,\"CCL\":0,\"CCO\":0,\"CD\":0.125,\"CI\":0,\"CLC\":0.0,\"CLLC\":0.0,\"CLOC\":1,\"LDC\":0.0,\"LLDC\":0.0,\"LLOC\":7,\"LOC\":8,\"TCD\":0.125,\"TCLOC\":1,\"TLLOC\":7,\"TLOC\":8,\"TNOS\":4}}]}"}]}}