{"component":{"id":"AWVZipfDO7ZKf8ZCASV2","key":"Python025","name":"Python025","qualifier":"TRK","measures":[{"metric":"SM_PYTHON_LOGICAL_LEVEL1","value":"{\"levelTypes\":[\"Package\"],\"level\":[{\"name\":\"Python\",\"metrics\":{\"NA\":0,\"NCL\":0,\"NM\":0,\"NPKG\":0,\"TNA\":0,\"TNCL\":0,\"TNDI\":0,\"TNFI\":0,\"TNM\":0,\"TNPKG\":0,\"CC\":0.0,\"CCL\":0,\"CCO\":0,\"CD\":0.0,\"CI\":0,\"CLC\":0.0,\"CLLC\":0.0,\"CLOC\":0,\"LDC\":0.0,\"LLDC\":0.0,\"LLOC\":0,\"LOC\":0,\"TCD\":0.0,\"TCLOC\":0,\"TLLOC\":0,\"TLOC\":0,\"TNOS\":0}}]}"}]}}