{"component":{"id":"AWVZkSLEO7ZKf8ZCASXf","key":"Python040","name":"Python040","qualifier":"TRK","measures":[{"metric":"SM_PYTHON_LOGICAL_LEVEL3","value":"{\"levelTypes\":[\"Function\",\"Method\"],\"level\":[]}"}]}}