{"component":{"id":"AWVZmXItO7ZKf8ZCASZk","key":"Python059","name":"Python059","qualifier":"TRK","measures":[{"metric":"SM_PYTHON_CLONE_TREE","value":"{\"cloneClasses\":[]}"}]}}